Configuration is affected by the following files:
- cabal.project
- cabal.project.freeze
